[0m17:37:00.216784 [debug] [MainThread]: Sending event: {'category': 'dbt', 'action': 'invocation', 'label': 'start', 'context': [<snowplow_tracker.self_describing_json.SelfDescribingJson object at 0x000001787BDEE0D0>, <snowplow_tracker.self_describing_json.SelfDescribingJson object at 0x000001787BE5BC10>, <snowplow_tracker.self_describing_json.SelfDescribingJson object at 0x000001787BE5B1D0>]}


============================== 17:37:00.228313 | abb4c3b7-e456-4143-aa02-a72371a1a206 ==============================
[0m17:37:00.228313 [info ] [MainThread]: Running with dbt=1.10.4
[0m17:37:00.230311 [debug] [MainThread]: running dbt with arguments {'printer_width': '80', 'indirect_selection': 'eager', 'write_json': 'True', 'log_cache_events': 'False', 'partial_parse': 'True', 'cache_selected_only': 'False', 'warn_error': 'None', 'version_check': 'True', 'profiles_dir': 'C:\\Users\\anmol\\.dbt', 'log_path': 'logs', 'debug': 'False', 'fail_fast': 'False', 'use_colors': 'True', 'use_experimental_parser': 'False', 'no_print': 'None', 'quiet': 'False', 'empty': 'None', 'log_format': 'default', 'introspect': 'True', 'static_parser': 'True', 'invocation_command': 'dbt init netflix', 'target_path': 'None', 'warn_error_options': 'WarnErrorOptionsV2(error=[], warn=[], silence=[])', 'send_anonymous_usage_stats': 'True'}
[0m17:37:00.290010 [debug] [MainThread]: Starter project path: C:\Users\anmol\Downloads\elt_pipeline\venv\Lib\site-packages\dbt\include\starter_project
[0m17:37:00.328679 [info ] [MainThread]: 
Your new dbt project "netflix" was created!

For more information on how to configure the profiles.yml file,
please consult the dbt documentation here:

  https://docs.getdbt.com/docs/configure-your-profile

One more thing:

Need help? Don't hesitate to reach out to us via GitHub issues or on Slack:

  https://community.getdbt.com/

Happy modeling!

[0m17:37:00.329908 [info ] [MainThread]: Setting up your profile.
[0m17:42:30.036459 [info ] [MainThread]: Profile netflix written to C:\Users\anmol\.dbt\profiles.yml using target's profile_template.yml and your supplied values. Run 'dbt debug' to validate the connection.
[0m17:42:30.052395 [debug] [MainThread]: Command `dbt init` succeeded at 17:42:30.049900 after 330.05 seconds
[0m17:42:30.055691 [debug] [MainThread]: Sending event: {'category': 'dbt', 'action': 'invocation', 'label': 'end', 'context': [<snowplow_tracker.self_describing_json.SelfDescribingJson object at 0x000001787BE57650>, <snowplow_tracker.self_describing_json.SelfDescribingJson object at 0x0000017874E5DE90>, <snowplow_tracker.self_describing_json.SelfDescribingJson object at 0x0000017874E5E2D0>]}
[0m17:42:30.056682 [debug] [MainThread]: Flushing usage events
[0m17:42:31.085560 [debug] [MainThread]: An error was encountered while trying to flush usage events
[0m20:25:18.733870 [debug] [MainThread]: Sending event: {'category': 'dbt', 'action': 'invocation', 'label': 'start', 'context': [<snowplow_tracker.self_describing_json.SelfDescribingJson object at 0x0000017592DA60D0>, <snowplow_tracker.self_describing_json.SelfDescribingJson object at 0x0000017592B56A90>, <snowplow_tracker.self_describing_json.SelfDescribingJson object at 0x0000017592DFCC90>]}


============================== 20:25:18.744604 | 597f3758-2777-4a8f-8dc1-bf83062d7d3c ==============================
[0m20:25:18.744604 [info ] [MainThread]: Running with dbt=1.10.4
[0m20:25:18.748647 [debug] [MainThread]: running dbt with arguments {'printer_width': '80', 'indirect_selection': 'eager', 'write_json': 'True', 'log_cache_events': 'False', 'partial_parse': 'True', 'cache_selected_only': 'False', 'profiles_dir': 'C:\\Users\\anmol\\.dbt', 'debug': 'False', 'warn_error': 'None', 'log_path': 'logs', 'fail_fast': 'False', 'version_check': 'True', 'use_colors': 'True', 'use_experimental_parser': 'False', 'empty': 'False', 'quiet': 'False', 'no_print': 'None', 'warn_error_options': 'WarnErrorOptionsV2(error=[], warn=[], silence=[])', 'introspect': 'True', 'static_parser': 'True', 'invocation_command': 'dbt run', 'target_path': 'None', 'log_format': 'default', 'send_anonymous_usage_stats': 'True'}
[0m20:25:18.752999 [error] [MainThread]: Encountered an error:
Runtime Error
  No dbt_project.yml found at expected path C:\Users\anmol\Downloads\elt_pipeline\dbt_project.yml
  Verify that each entry within packages.yml (and their transitive dependencies) contains a file named dbt_project.yml
  
[0m20:25:18.755676 [debug] [MainThread]: Command `dbt run` failed at 20:25:18.752999 after 0.36 seconds
[0m20:25:18.755676 [debug] [MainThread]: Sending event: {'category': 'dbt', 'action': 'invocation', 'label': 'end', 'context': [<snowplow_tracker.self_describing_json.SelfDescribingJson object at 0x0000017592D9E950>, <snowplow_tracker.self_describing_json.SelfDescribingJson object at 0x000001758BECD550>, <snowplow_tracker.self_describing_json.SelfDescribingJson object at 0x000001758C167690>]}
[0m20:25:18.758749 [debug] [MainThread]: Flushing usage events
[0m20:25:19.789059 [debug] [MainThread]: An error was encountered while trying to flush usage events
[0m18:45:57.158520 [debug] [MainThread]: Sending event: {'category': 'dbt', 'action': 'invocation', 'label': 'start', 'context': [<snowplow_tracker.self_describing_json.SelfDescribingJson object at 0x000001512EE40D50>, <snowplow_tracker.self_describing_json.SelfDescribingJson object at 0x000001512EE43410>, <snowplow_tracker.self_describing_json.SelfDescribingJson object at 0x000001512B4AF090>]}


============================== 18:45:57.167214 | c6ce9dff-b296-423d-ab60-b67fc158edf5 ==============================
[0m18:45:57.167214 [info ] [MainThread]: Running with dbt=1.10.4
[0m18:45:57.168215 [debug] [MainThread]: running dbt with arguments {'printer_width': '80', 'indirect_selection': 'eager', 'write_json': 'True', 'log_cache_events': 'False', 'partial_parse': 'True', 'cache_selected_only': 'False', 'profiles_dir': 'C:\\Users\\anmol\\.dbt', 'version_check': 'True', 'debug': 'False', 'log_path': 'logs', 'fail_fast': 'False', 'warn_error': 'None', 'use_colors': 'True', 'use_experimental_parser': 'False', 'no_print': 'None', 'quiet': 'False', 'empty': 'False', 'warn_error_options': 'WarnErrorOptionsV2(error=[], warn=[], silence=[])', 'introspect': 'True', 'log_format': 'default', 'static_parser': 'True', 'target_path': 'None', 'invocation_command': 'dbt run --model fct_genome_scores', 'send_anonymous_usage_stats': 'True'}
[0m18:45:57.169210 [warn ] [MainThread]: [[33mWARNING[0m]: Deprecated functionality
Usage of `--models`, `--model`, and `-m` is deprecated in favor of `--select` or
`-s`.
[0m18:45:57.171205 [debug] [MainThread]: Sending event: {'category': 'dbt', 'action': 'deprecation', 'label': 'c6ce9dff-b296-423d-ab60-b67fc158edf5', 'property_': 'warn', 'context': [<snowplow_tracker.self_describing_json.SelfDescribingJson object at 0x000001512B4A7710>]}
[0m18:45:57.172208 [error] [MainThread]: Encountered an error:
Runtime Error
  No dbt_project.yml found at expected path C:\Users\anmol\Downloads\elt_pipeline\dbt_project.yml
  Verify that each entry within packages.yml (and their transitive dependencies) contains a file named dbt_project.yml
  
[0m18:45:57.173192 [warn ] [MainThread]: [[33mWARNING[0m][DeprecationsSummary]: Deprecated functionality
Summary of encountered deprecations:
- ModelParamUsageDeprecation: 1 occurrence
To see all deprecation instances instead of just the first occurrence of each,
run command again with the `--show-all-deprecations` flag. You may also need to
run with `--no-partial-parse` as some deprecations are only encountered during
parsing.
[0m18:45:57.175459 [debug] [MainThread]: Command `dbt run` failed at 18:45:57.173954 after 0.16 seconds
[0m18:45:57.176517 [debug] [MainThread]: Sending event: {'category': 'dbt', 'action': 'invocation', 'label': 'end', 'context': [<snowplow_tracker.self_describing_json.SelfDescribingJson object at 0x000001512EDDDA50>, <snowplow_tracker.self_describing_json.SelfDescribingJson object at 0x000001512EB9E150>, <snowplow_tracker.self_describing_json.SelfDescribingJson object at 0x000001512EB9E1D0>]}
[0m18:45:57.177512 [debug] [MainThread]: Flushing usage events
[0m18:45:58.223224 [debug] [MainThread]: An error was encountered while trying to flush usage events
